---
source: src/convert/tests.rs
expression: output
---
myhistogram_created{otel_scope_name="myscope"} <START_TIMESTAMP> <TIMESTAMP>
myhistogram_count{kk="v1",otel_scope_name="myscope"} 3 <TIMESTAMP>
myhistogram_sum{kk="v1",otel_scope_name="myscope"} 150 <TIMESTAMP>
myhistogram_bucket{kk="v1",otel_scope_name="myscope",le="0"} 1 <TIMESTAMP>
myhistogram_bucket{kk="v1",otel_scope_name="myscope",le="5"} 1 <TIMESTAMP>
myhistogram_bucket{kk="v1",otel_scope_name="myscope",le="10"} 1 <TIMESTAMP>
myhistogram_bucket{kk="v1",otel_scope_name="myscope",le="25"} 2 <TIMESTAMP>
myhistogram_bucket{kk="v1",otel_scope_name="myscope",le="50"} 2 <TIMESTAMP>
myhistogram_bucket{kk="v1",otel_scope_name="myscope",le="75"} 2 <TIMESTAMP>
myhistogram_bucket{kk="v1",otel_scope_name="myscope",le="100"} 2 <TIMESTAMP>
myhistogram_bucket{kk="v1",otel_scope_name="myscope",le="250"} 3 <TIMESTAMP>
myhistogram_bucket{kk="v1",otel_scope_name="myscope",le="500"} 3 <TIMESTAMP>
myhistogram_bucket{kk="v1",otel_scope_name="myscope",le="750"} 3 <TIMESTAMP>
myhistogram_bucket{kk="v1",otel_scope_name="myscope",le="1000"} 3 <TIMESTAMP>
myhistogram_bucket{kk="v1",otel_scope_name="myscope",le="2500"} 3 <TIMESTAMP>
myhistogram_bucket{kk="v1",otel_scope_name="myscope",le="5000"} 3 <TIMESTAMP>
myhistogram_bucket{kk="v1",otel_scope_name="myscope",le="7500"} 3 <TIMESTAMP>
myhistogram_bucket{kk="v1",otel_scope_name="myscope",le="10000"} 3 <TIMESTAMP>
myhistogram_bucket{kk="v1",otel_scope_name="myscope",le="+Inf"} 3 <TIMESTAMP>
myhistogram_count{kk="v2",otel_scope_name="myscope"} 2 <TIMESTAMP>
myhistogram_sum{kk="v2",otel_scope_name="myscope"} 150 <TIMESTAMP>
myhistogram_bucket{kk="v2",otel_scope_name="myscope",le="0"} 0 <TIMESTAMP>
myhistogram_bucket{kk="v2",otel_scope_name="myscope",le="5"} 0 <TIMESTAMP>
myhistogram_bucket{kk="v2",otel_scope_name="myscope",le="10"} 0 <TIMESTAMP>
myhistogram_bucket{kk="v2",otel_scope_name="myscope",le="25"} 1 <TIMESTAMP>
myhistogram_bucket{kk="v2",otel_scope_name="myscope",le="50"} 1 <TIMESTAMP>
myhistogram_bucket{kk="v2",otel_scope_name="myscope",le="75"} 1 <TIMESTAMP>
myhistogram_bucket{kk="v2",otel_scope_name="myscope",le="100"} 1 <TIMESTAMP>
myhistogram_bucket{kk="v2",otel_scope_name="myscope",le="250"} 2 <TIMESTAMP>
myhistogram_bucket{kk="v2",otel_scope_name="myscope",le="500"} 2 <TIMESTAMP>
myhistogram_bucket{kk="v2",otel_scope_name="myscope",le="750"} 2 <TIMESTAMP>
myhistogram_bucket{kk="v2",otel_scope_name="myscope",le="1000"} 2 <TIMESTAMP>
myhistogram_bucket{kk="v2",otel_scope_name="myscope",le="2500"} 2 <TIMESTAMP>
myhistogram_bucket{kk="v2",otel_scope_name="myscope",le="5000"} 2 <TIMESTAMP>
myhistogram_bucket{kk="v2",otel_scope_name="myscope",le="7500"} 2 <TIMESTAMP>
myhistogram_bucket{kk="v2",otel_scope_name="myscope",le="10000"} 2 <TIMESTAMP>
myhistogram_bucket{kk="v2",otel_scope_name="myscope",le="+Inf"} 2 <TIMESTAMP>
