---
source: src/convert/tests.rs
expression: strip_otel_scope_name(&output)
---
myhistogram_created{} <START_TIMESTAMP> <TIMESTAMP>
myhistogram_count{kk="v1"} 3 <TIMESTAMP>
myhistogram_sum{kk="v1"} 150 <TIMESTAMP>
myhistogram_bucket{kk="v1",le="0"} 1 <TIMESTAMP>
myhistogram_bucket{kk="v1",le="5"} 1 <TIMESTAMP>
myhistogram_bucket{kk="v1",le="10"} 1 <TIMESTAMP>
myhistogram_bucket{kk="v1",le="25"} 2 <TIMESTAMP>
myhistogram_bucket{kk="v1",le="50"} 2 <TIMESTAMP>
myhistogram_bucket{kk="v1",le="75"} 2 <TIMESTAMP>
myhistogram_bucket{kk="v1",le="100"} 2 <TIMESTAMP>
myhistogram_bucket{kk="v1",le="250"} 3 <TIMESTAMP>
myhistogram_bucket{kk="v1",le="500"} 3 <TIMESTAMP>
myhistogram_bucket{kk="v1",le="750"} 3 <TIMESTAMP>
myhistogram_bucket{kk="v1",le="1000"} 3 <TIMESTAMP>
myhistogram_bucket{kk="v1",le="2500"} 3 <TIMESTAMP>
myhistogram_bucket{kk="v1",le="5000"} 3 <TIMESTAMP>
myhistogram_bucket{kk="v1",le="7500"} 3 <TIMESTAMP>
myhistogram_bucket{kk="v1",le="10000"} 3 <TIMESTAMP>
myhistogram_bucket{kk="v1",le="+Inf"} 3 <TIMESTAMP>
myhistogram_count{kk="v2"} 2 <TIMESTAMP>
myhistogram_sum{kk="v2"} 150 <TIMESTAMP>
myhistogram_bucket{kk="v2",le="0"} 0 <TIMESTAMP>
myhistogram_bucket{kk="v2",le="5"} 0 <TIMESTAMP>
myhistogram_bucket{kk="v2",le="10"} 0 <TIMESTAMP>
myhistogram_bucket{kk="v2",le="25"} 1 <TIMESTAMP>
myhistogram_bucket{kk="v2",le="50"} 1 <TIMESTAMP>
myhistogram_bucket{kk="v2",le="75"} 1 <TIMESTAMP>
myhistogram_bucket{kk="v2",le="100"} 1 <TIMESTAMP>
myhistogram_bucket{kk="v2",le="250"} 2 <TIMESTAMP>
myhistogram_bucket{kk="v2",le="500"} 2 <TIMESTAMP>
myhistogram_bucket{kk="v2",le="750"} 2 <TIMESTAMP>
myhistogram_bucket{kk="v2",le="1000"} 2 <TIMESTAMP>
myhistogram_bucket{kk="v2",le="2500"} 2 <TIMESTAMP>
myhistogram_bucket{kk="v2",le="5000"} 2 <TIMESTAMP>
myhistogram_bucket{kk="v2",le="7500"} 2 <TIMESTAMP>
myhistogram_bucket{kk="v2",le="10000"} 2 <TIMESTAMP>
myhistogram_bucket{kk="v2",le="+Inf"} 2 <TIMESTAMP>
