---
source: src/convert/tests.rs
expression: strip_otel_scope_name(&output)
---
my_u64_hist_created{k="v"} <TIMESTAMP> <TIMESTAMP>
my_u64_hist_count{k="v"} 1 <TIMESTAMP>
my_u64_hist_sum{k="v"} 50 <TIMESTAMP>
my_u64_hist_bucket{k="v",le="0.0"} 0 <TIMESTAMP>
my_u64_hist_bucket{k="v",le="5.0"} 0 <TIMESTAMP>
my_u64_hist_bucket{k="v",le="10.0"} 0 <TIMESTAMP>
my_u64_hist_bucket{k="v",le="25.0"} 0 <TIMESTAMP>
my_u64_hist_bucket{k="v",le="50.0"} 1 <TIMESTAMP>
my_u64_hist_bucket{k="v",le="75.0"} 1 <TIMESTAMP>
my_u64_hist_bucket{k="v",le="100.0"} 1 <TIMESTAMP>
my_u64_hist_bucket{k="v",le="250.0"} 1 <TIMESTAMP>
my_u64_hist_bucket{k="v",le="500.0"} 1 <TIMESTAMP>
my_u64_hist_bucket{k="v",le="750.0"} 1 <TIMESTAMP>
my_u64_hist_bucket{k="v",le="1000.0"} 1 <TIMESTAMP>
my_u64_hist_bucket{k="v",le="2500.0"} 1 <TIMESTAMP>
my_u64_hist_bucket{k="v",le="5000.0"} 1 <TIMESTAMP>
my_u64_hist_bucket{k="v",le="7500.0"} 1 <TIMESTAMP>
my_u64_hist_bucket{k="v",le="10000.0"} 1 <TIMESTAMP>
my_u64_hist_bucket{k="v",le="+Inf"} 1 <TIMESTAMP>
