---
source: tests/integration/snapshot.rs
expression: formatted
---
# TYPE target info
target_info{service_name="ottotom-testsupport",telemetry_sdk_language="rust",telemetry_sdk_name="opentelemetry",telemetry_sdk_version="0.32.0"} 1
# TYPE otel_scope info
otel_scope_info{otel_scope_name="meter.1",otel_scope_version=""} 1
# TYPE f64_gauge gauge
# HELP f64_gauge A \"gauge\"\nFor testing
f64_gauge{kk="v1",otel_scope_name="meter.1"} 4.22 <TIMESTAMP_1>
f64_gauge{kk="v2",otel_scope_name="meter.1"} 4.23 <TIMESTAMP_1>
# TYPE histo histogram
histo_created{otel_scope_name="meter.1"} <TIMESTAMP_0> <TIMESTAMP_3>
histo_count{otel_scope_name="meter.1"} 4 <TIMESTAMP_3>
histo_sum{otel_scope_name="meter.1"} 15.7 <TIMESTAMP_3>
histo_bucket{otel_scope_name="meter.1",le="0"} 1 <TIMESTAMP_3>
histo_bucket{otel_scope_name="meter.1",le="5"} 3 <TIMESTAMP_3>
histo_bucket{otel_scope_name="meter.1",le="10"} 3 <TIMESTAMP_3>
histo_bucket{otel_scope_name="meter.1",le="25"} 4 <TIMESTAMP_3>
histo_bucket{otel_scope_name="meter.1",le="50"} 4 <TIMESTAMP_3>
histo_bucket{otel_scope_name="meter.1",le="75"} 4 <TIMESTAMP_3>
histo_bucket{otel_scope_name="meter.1",le="100"} 4 <TIMESTAMP_3>
histo_bucket{otel_scope_name="meter.1",le="250"} 4 <TIMESTAMP_3>
histo_bucket{otel_scope_name="meter.1",le="500"} 4 <TIMESTAMP_3>
histo_bucket{otel_scope_name="meter.1",le="750"} 4 <TIMESTAMP_3>
histo_bucket{otel_scope_name="meter.1",le="1000"} 4 <TIMESTAMP_3>
histo_bucket{otel_scope_name="meter.1",le="2500"} 4 <TIMESTAMP_3>
histo_bucket{otel_scope_name="meter.1",le="5000"} 4 <TIMESTAMP_3>
histo_bucket{otel_scope_name="meter.1",le="7500"} 4 <TIMESTAMP_3>
histo_bucket{otel_scope_name="meter.1",le="10000"} 4 <TIMESTAMP_3>
histo_bucket{otel_scope_name="meter.1",le="+Inf"} 4 <TIMESTAMP_3>
# TYPE u64_counter_seconds counter
# UNIT u64_counter_seconds seconds
u64_counter_seconds_total{otel_scope_name="meter.1"} 125 <TIMESTAMP_2>
# EOF
